// Jest Snapshot v1, https://goo.gl/fbAQLP

exports[`should match snapshot 1`] = `
<DocumentFragment>
  <div
    class="Card"
  >
    <h4
      class="Card-title"
    >
      string describing the image
    </h4>
    <img
      alt="string describing the image"
      class="Card-image"
      src="testCard1"
    />
    <small
      class="Card-small"
    >
      Image 0 of 1.
    </small>
  </div>
</DocumentFragment>
`;
